0 info it worked if it ends with ok
1 verbose cli [
1 verbose cli   '/opt/homebrew/Cellar/node/26.9.0/bin/node',
1 verbose cli   '/usr/local/bin/npm',
1 verbose cli   'install',
1 verbose cli   '-g',
1 verbose cli   'npm@latest'
1 verbose cli ]
2 info using npm@4.1.2
3 info using node@v26.9.0
4 silly loadCurrentTree Starting
5 silly install loadCurrentTree
6 silly install readGlobalPackageData
7 silly fetchPackageMetaData npm@latest
8 silly fetchNamedPackageData npm
9 silly mapToRegistry name npm
10 silly mapToRegistry using default registry
11 silly mapToRegistry registry https://registry.npmjs.org/
12 silly mapToRegistry data Result {
12 silly mapToRegistry   raw: 'npm',
12 silly mapToRegistry   scope: null,
12 silly mapToRegistry   escapedName: 'npm',
12 silly mapToRegistry   name: 'npm',
12 silly mapToRegistry   rawSpec: '',
12 silly mapToRegistry   spec: 'latest',
12 silly mapToRegistry   type: 'tag'
12 silly mapToRegistry }
13 silly mapToRegistry uri https://registry.npmjs.org/npm
14 verbose request uri https://registry.npmjs.org/npm
15 verbose request no auth needed
16 info attempt registry request try #1 at 9:32:05 am
17 verbose request id 94d8edf5d3182f2b
18 http request GET https://registry.npmjs.org/npm
19 http 200 https://registry.npmjs.org/npm
20 verbose headers {
20 verbose headers   date: 'Wed, 23 Sep 2026 07:32:05 GMT',
20 verbose headers   'content-type': 'application/json',
20 verbose headers   'transfer-encoding': 'chunked',
20 verbose headers   connection: 'keep-alive',
20 verbose headers   'set-cookie': [
20 verbose headers     '__cf_bm=wu_2bpguFGPkPXm_SJkbzA6pcwY.kKCVh2fKGxpt7uo-1790148725.4781265-1.0.1.1-wXZxNu35Z0.hVer.0be418c9JNn98F3CjTg636yT4lDHZRt5YM3qMKQV6MIjVV9HznY8JLf7LeCelIxDK1Tzk92bCHMutvmMj_2q6rYoxGpFkMYpboJooRadelEpn501; HttpOnly; SameSite=None; Secure; Path=/; Domain=npmjs.org; Expires=Wed, 23 Sep 2026 08:02:05 GMT',
20 verbose headers     '_cfuvid=cCVmPfBEPmJBlQe_BQpxyxZmNbVypIxo7oHStEVW.fk-1790148725.4781265-1.0.1.1-O9nT6tNVXDi1u22A0qeQpDS9hb1hEslmi6pHfhrgWnU; HttpOnly; SameSite=None; Secure; Path=/; Domain=npmjs.org'
20 verbose headers   ],
20 verbose headers   'cf-ray': 'a3f7da7e39d5ed4c-MXP',
20 verbose headers   'cf-cache-status': 'HIT',
20 verbose headers   etag: 'W/"b2b38c2a2ef656c6b4caaed706fb261b"',
20 verbose headers   'access-control-allow-origin': '*',
20 verbose headers   age: '127',
20 verbose headers   'cache-control': 'public, max-age=300',
20 verbose headers   'last-modified': 'Tue, 22 Sep 2026 21:29:37 GMT',
20 verbose headers   server: 'cloudflare',
20 verbose headers   vary: 'accept-encoding, accept',
20 verbose headers   'content-encoding': 'gzip'
20 verbose headers }
21 silly get cb [
21 silly get   200,
21 silly get   {
21 silly get     date: 'Wed, 23 Sep 2026 07:32:05 GMT',
21 silly get     'content-type': 'application/json',
21 silly get     'transfer-encoding': 'chunked',
21 silly get     connection: 'keep-alive',
21 silly get     'set-cookie': [
21 silly get       '__cf_bm=wu_2bpguFGPkPXm_SJkbzA6pcwY.kKCVh2fKGxpt7uo-1790148725.4781265-1.0.1.1-wXZxNu35Z0.hVer.0be418c9JNn98F3CjTg636yT4lDHZRt5YM3qMKQV6MIjVV9HznY8JLf7LeCelIxDK1Tzk92bCHMutvmMj_2q6rYoxGpFkMYpboJooRadelEpn501; HttpOnly; SameSite=None; Secure; Path=/; Domain=npmjs.org; Expires=Wed, 23 Sep 2026 08:02:05 GMT',
21 silly get       '_cfuvid=cCVmPfBEPmJBlQe_BQpxyxZmNbVypIxo7oHStEVW.fk-1790148725.4781265-1.0.1.1-O9nT6tNVXDi1u22A0qeQpDS9hb1hEslmi6pHfhrgWnU; HttpOnly; SameSite=None; Secure; Path=/; Domain=npmjs.org'
21 silly get     ],
21 silly get     'cf-ray': 'a3f7da7e39d5ed4c-MXP',
21 silly get     'cf-cache-status': 'HIT',
21 silly get     etag: 'W/"b2b38c2a2ef656c6b4caaed706fb261b"',
21 silly get     'access-control-allow-origin': '*',
21 silly get     age: '127',
21 silly get     'cache-control': 'public, max-age=300',
21 silly get     'last-modified': 'Tue, 22 Sep 2026 21:29:37 GMT',
21 silly get     server: 'cloudflare',
21 silly get     vary: 'accept-encoding, accept',
21 silly get     'content-encoding': 'gzip'
21 silly get   }
21 silly get ]
22 verbose get saving npm to /Users/janisakovic/.npm/registry.npmjs.org/npm/.cache.json
23 verbose correctMkdir /Users/janisakovic/.npm correctMkdir not in flight; initializing
24 verbose stack TypeError: cb.apply is not a function
24 verbose stack     at /usr/local/lib/node_modules/npm/node_modules/graceful-fs/polyfills.js:287:18
24 verbose stack     at FSReqCallback.oncomplete (node:fs:197:5)
25 verbose cwd /Users/janisakovic/Documents/windnext_site
26 error Darwin 27.0.0
27 error argv "/opt/homebrew/Cellar/node/26.9.0/bin/node" "/usr/local/bin/npm" "install" "-g" "npm@latest"
28 error node v26.9.0
29 error npm  v4.1.2
30 error cb.apply is not a function
31 error If you need help, you may report this error at:
31 error     <https://github.com/npm/npm/issues>
32 verbose exit [ 1, true ]
